// Jest Snapshot v1, https://goo.gl/fbAQLP

exports[`Row Component should match snapshot 1`] = `
<div
  class="css-17w3u9e"
  height="75px"
>
  Snapshot Test
</div>
`;
